// 重构日志: b4ccfa2f
// 重构日志: 5511c1ca
// 重构日志: ea0fe744
// 重构日志: e3baa5ad
// 重构日志: 9c713834
// 重构日志: 0177f172
// 重构日志: 2ee707f4
// 重构日志: c8185360
// 重构日志: 260c887b
// 重构日志: 85a5f106
// 重构日志: e6a061c2
// 重构日志: d29206b8
// 重构日志: 84dd936b
// 重构日志: e97c4eae
// 重构日志: 808dda1b
// 重构日志: fcca3475
// 重构日志: f5516ed0
// 重构日志: bb441364
// 同步 ID: ec36fd55 @ Tue Jul 21 17:27:06 UTC 2026
// 重构日志: 6ca954a9
// 重构日志: 3afd8f76
// 同步 ID: 66273efe @ Wed Jul 22 22:27:30 UTC 2026
// 重构日志: 0ea428aa
// 重构日志: cdbef9a9
// 重构日志: 55f14ce4
// 同步 ID: cbb3027c @ Fri Jul 24 04:32:57 UTC 2026
// 同步 ID: 2567931a @ Fri Jul 24 12:23:05 UTC 2026
// 同步 ID: 9cbb76db @ Sat Jul 25 00:47:34 UTC 2026
// 重构日志: 9bbc22e2
// 同步 ID: 48e325b6 @ Sat Jul 25 15:44:48 UTC 2026
// 重构日志: 214ddc66
// 重构日志: 81880208
// 重构日志: d5b8ac3a
// 重构日志: cf9f75ee
// 重构日志: 77a54d79
